▮▮▮▮ go work sync
▮▮▮▮ pnpm install
Scope: all 11 workspace projects
? Verifying lockfile against supply-chain policies (2216 entries)...
✓ Lockfile passes supply-chain policies (2216 entries in 3.7s)
Lockfile is up to date, resolution step is skipped
Progress: resolved 1, reused 0, downloaded 0, added 0
Packages: +73 -21
++++++++++++++++++++++++++++++++++++++++++++++++++++++++++++++------------------
Progress: resolved 73, reused 57, downloaded 5, added 21
Progress: resolved 73, reused 57, downloaded 6, added 22, done

Done in 6.4s using pnpm v11.21.0
▮▮▮▮ infra:dev (81625815)
▮▮▮▮ pear:dev (1df85bf3)
▮▮▮▮ pear:ngrok (2e794a37)
▮▮▮▮ search:dev (7fb3a568)
▮▮▮▮ home:dev (e69d9ae9)
▮▮▮▮ pear-pages:dev (93fbc694)
▮▮▮▮ root:caddy (d3f2ff14)
▮▮▮▮ frontend:dev (abd794da)
   infra:dev |  Image postgres:16 Pulling 
    pear:dev | 
    pear:dev |   __    _   ___  
    pear:dev |  / /\  | | | |_) 
    pear:dev | /_/--\ |_| |_| \_ v1.65.1, built with Go go1.26.5
    pear:dev | 
  search:dev | 
  search:dev |   __    _   ___  
  search:dev |  / /\  | | | |_) 
  search:dev | /_/--\ |_| |_| \_ v1.65.1, built with Go go1.26.5
  search:dev | 
    home:dev | 
    home:dev |   __    _   ___  
    home:dev |  / /\  | | | |_) 
    home:dev | /_/--\ |_| |_| \_ v1.65.1, built with Go go1.26.5
    home:dev | 
$ vite
  root:caddy | 2026/08/14 23:51:19.139	[33mWARN[0m	http	HTTP/2 skipped because it requires TLS	{"network": "tcp", "addr": ":80"}
  root:caddy | 2026/08/14 23:51:19.139	[33mWARN[0m	http	HTTP/3 skipped because it requires TLS	{"network": "tcp", "addr": ":80"}
  root:caddy | 2026/08/14 23:51:19.139	[33mWARN[0m	tls	YOUR SERVER MAY BE VULNERABLE TO ABUSE: on-demand TLS is enabled, but no protections are in place	{"docs": "https://caddyserver.com/docs/automatic-https#on-demand-tls"}
4:51:19 PM [vite] (client) Re-optimizing dependencies because lockfile has changed

  VITE v7.3.6  ready in 2083 ms

  ➜  Local:   http://localhost:6000/
  ➜  Network: http://10.104.2.53:6000/
  ➜  Generate File List: http://localhost:6000/__generate_file_list/
  ➜  press h + enter to show help
pear-pages:dev | $ vite dev
pear-pages:dev | 4:51:22 PM [vite] (client) Re-optimizing dependencies because lockfile has changed
pear-pages:dev | 
pear-pages:dev |   VITE v7.3.6  ready in 1301 ms
pear-pages:dev | 
pear-pages:dev |   ➜  Local:   http://localhost:6010/ui/
pear-pages:dev |   ➜  Network: http://10.104.2.53:6010/ui/
pear-pages:dev |   ➜  press h + enter to show help
   infra:dev |  38edbc361d88 Pulling fs layer 0B
   infra:dev |  17084367dded Pulling fs layer 0B
   infra:dev |  022be3d64752 Pulling fs layer 0B
   infra:dev |  5048a27bd002 Pulling fs layer 0B
   infra:dev |  9aa4b2e00272 Pulling fs layer 0B
   infra:dev |  b1ca317594e7 Pulling fs layer 0B
   infra:dev |  199803c21c87 Pulling fs layer 0B
   infra:dev |  0a6c9f12ba86 Pulling fs layer 0B
   infra:dev |  7df83edda04f Pulling fs layer 0B
   infra:dev |  fc55ab912086 Pulling fs layer 0B
   infra:dev |  2812a1e9a4c5 Pulling fs layer 0B
   infra:dev |  1c43297c4311 Pulling fs layer 0B
   infra:dev |  72920f489232 Pulling fs layer 0B
   infra:dev |  7df83edda04f Download complete 0B
   infra:dev |  72920f489232 Download complete 0B
   infra:dev |  199803c21c87 Download complete 0B
   infra:dev |  0a6c9f12ba86 Downloading 1.21MB
   infra:dev |  38edbc361d88 Download complete 0B
   infra:dev |  022be3d64752 Downloading 3.14kB
   infra:dev |  9aa4b2e00272 Downloading 1.168kB
   infra:dev |  0a6c9f12ba86 Download complete 0B
   infra:dev |  1c43297c4311 Download complete 0B
   infra:dev |  17084367dded Download complete 0B
   infra:dev |  022be3d64752 Download complete 0B
   infra:dev |  9aa4b2e00272 Download complete 0B
   infra:dev |  b1ca317594e7 Downloading 3.146MB
   infra:dev |  9aa4b2e00272 Extracting 1B
   infra:dev |  b1ca317594e7 Downloading 3.146MB
   infra:dev |  2812a1e9a4c5 Download complete 0B
   infra:dev |  9aa4b2e00272 Extracting 1B
   infra:dev |  b1ca317594e7 Downloading 5.243MB
   infra:dev |  9aa4b2e00272 Extracting 1B
   infra:dev |  b1ca317594e7 Download complete 0B
   infra:dev |  9aa4b2e00272 Extracting 1B
   infra:dev |  9aa4b2e00272 Extracting 1B
   infra:dev |  fc55ab912086 Downloading 1.049MB
   infra:dev |  9aa4b2e00272 Pull complete 0B
   infra:dev |  b1ca317594e7 Extracting 1B
   infra:dev |  fc55ab912086 Downloading 1.049MB
   infra:dev |  b1ca317594e7 Pull complete 0B
   infra:dev |  fc55ab912086 Downloading 1.049MB
   infra:dev |  5048a27bd002 Downloading 1.049MB
   infra:dev |  0a6c9f12ba86 Pull complete 0B
   infra:dev |  5048a27bd002 Downloading 1.049MB
   infra:dev |  fc55ab912086 Downloading 2.097MB
   infra:dev |  fc55ab912086 Downloading 2.097MB
   infra:dev |  5048a27bd002 Downloading 1.049MB
   infra:dev |  fc55ab912086 Downloading 2.097MB
   infra:dev |  af8007063b1b Download complete 0B
   infra:dev |  5048a27bd002 Downloading 1.049MB
   infra:dev |  720d643001c7 Downloading 1.049MB
   infra:dev |  fc55ab912086 Downloading 3.146MB
   infra:dev |  5048a27bd002 Downloading 1.049MB
   infra:dev |  720d643001c7 Downloading 2.097MB
   infra:dev |  fc55ab912086 Downloading 3.146MB
   infra:dev |  5048a27bd002 Downloading 2.097MB
   infra:dev |  720d643001c7 Downloading 2.097MB
   infra:dev |  fc55ab912086 Downloading 3.146MB
   infra:dev |  5048a27bd002 Downloading 2.097MB
   infra:dev |  720d643001c7 Downloading 3.146MB
   infra:dev |  fc55ab912086 Downloading 4.194MB
   infra:dev |  5048a27bd002 Downloading 2.097MB
   infra:dev |  720d643001c7 Downloading 3.146MB
   infra:dev |  fc55ab912086 Downloading 4.194MB
   infra:dev |  5048a27bd002 Downloading 2.097MB
   infra:dev |  720d643001c7 Downloading 4.194MB
   infra:dev |  5048a27bd002 Downloading 3.146MB
   infra:dev |  720d643001c7 Downloading 5.715MB
   infra:dev |  fc55ab912086 Downloading 5.243MB
   infra:dev |  720d643001c7 Download complete 0B
   infra:dev |  fc55ab912086 Downloading 5.243MB
   infra:dev |  5048a27bd002 Downloading 3.146MB
   infra:dev |  fc55ab912086 Downloading 6.291MB
   infra:dev |  5048a27bd002 Downloading 3.146MB
   infra:dev |  fc55ab912086 Downloading 6.291MB
   infra:dev |  5048a27bd002 Downloading 3.146MB
   infra:dev |  fc55ab912086 Downloading 7.34MB
   infra:dev |  5048a27bd002 Downloading 4.194MB
   infra:dev |  fc55ab912086 Download complete 0B
   infra:dev |  5048a27bd002 Downloading 4.194MB
   infra:dev |  fc55ab912086 Extracting 1B
   infra:dev |  5048a27bd002 Downloading 5.243MB
   infra:dev |  72920f489232 Extracting 1B
   infra:dev |  fc55ab912086 Pull complete 0B
   infra:dev |  5048a27bd002 Downloading 5.243MB
   infra:dev |  72920f489232 Pull complete 0B
   infra:dev |  17084367dded Pull complete 0B
   infra:dev |  022be3d64752 Pull complete 0B
   infra:dev |  5048a27bd002 Downloading 6.291MB
   infra:dev |  5048a27bd002 Downloading 7.34MB
   infra:dev |  5048a27bd002 Downloading 8.389MB
  search:dev | 
  search:dev | 2026/08/14 16:51:28 [35m/Users/sashankgogula/Documents/habitat/cmd/search/main.go:53
  search:dev | [0m[31m[error] [0mfailed to initialize database, got error failed to connect to `user=habitat database=habitat`:
  search:dev | 	[::1]:5432 (localhost): dial error: dial tcp [::1]:5432: connect: connection refused
  search:dev | 	127.0.0.1:5432 (localhost): dial error: dial tcp 127.0.0.1:5432: connect: connection refused
  search:dev | 2026/08/14 16:51:28 Error running command: failed to open db: failed to connect to `user=habitat database=habitat`:
  search:dev | 	[::1]:5432 (localhost): dial error: dial tcp [::1]:5432: connect: connection refused
  search:dev | 	127.0.0.1:5432 (localhost): dial error: dial tcp 127.0.0.1:5432: connect: connection refused
   infra:dev |  5048a27bd002 Downloading 8.389MB
   infra:dev |  5048a27bd002 Downloading 9.437MB
   infra:dev |  5048a27bd002 Downloading 10.49MB
   infra:dev |  5048a27bd002 Downloading 11.53MB
   infra:dev |  5048a27bd002 Downloading 13.63MB
   infra:dev |  5048a27bd002 Downloading 15.73MB
   infra:dev |  5048a27bd002 Downloading 16.78MB
   infra:dev |  5048a27bd002 Downloading 18.87MB
   infra:dev |  5048a27bd002 Downloading 18.87MB
   infra:dev |  5048a27bd002 Downloading 22.02MB
   infra:dev |  5048a27bd002 Downloading 24.12MB
   infra:dev |  5048a27bd002 Downloading 24.12MB
   infra:dev |  5048a27bd002 Downloading 25.17MB
   infra:dev |  5048a27bd002 Downloading 25.17MB
   infra:dev |  5048a27bd002 Downloading 27.26MB
   infra:dev |  5048a27bd002 Downloading 28.31MB
   infra:dev |  5048a27bd002 Downloading 28.31MB
   infra:dev |  5048a27bd002 Downloading 30.41MB
   infra:dev |  5048a27bd002 Downloading 30.41MB
   infra:dev |  5048a27bd002 Downloading 32.51MB
   infra:dev |  5048a27bd002 Downloading 34.6MB
   infra:dev |  5048a27bd002 Downloading 35.65MB
   infra:dev |  5048a27bd002 Downloading 36.7MB
   infra:dev |  5048a27bd002 Downloading 37.75MB
   infra:dev |  5048a27bd002 Downloading 39.85MB
   infra:dev |  5048a27bd002 Downloading 41.94MB
   infra:dev |  5048a27bd002 Downloading 44.04MB
   infra:dev |  5048a27bd002 Downloading 44.04MB
   infra:dev |  5048a27bd002 Downloading 45.09MB
   infra:dev |  5048a27bd002 Downloading 45.09MB
   infra:dev |  5048a27bd002 Downloading 47.19MB
   infra:dev |  5048a27bd002 Downloading 48.23MB
   infra:dev |  5048a27bd002 Downloading 48.23MB
   infra:dev |  5048a27bd002 Downloading 50.33MB
   infra:dev |  5048a27bd002 Downloading 50.33MB
   infra:dev |  5048a27bd002 Downloading 52.43MB
   infra:dev |  5048a27bd002 Downloading 54.53MB
   infra:dev |  5048a27bd002 Downloading 54.53MB
   infra:dev |  5048a27bd002 Downloading 56.62MB
   infra:dev |  5048a27bd002 Downloading 57.67MB
   infra:dev |  5048a27bd002 Downloading 59.77MB
   infra:dev |  5048a27bd002 Downloading 61.87MB
